// Jest Snapshot v1, https://goo.gl/fbAQLP

exports[`should render Edit Expense Page correctly 1`] = `
<div>
  <div
    className="page-header"
  >
    <div
      className="content-container"
    >
      <div
        className="page-header__title"
      >
        Edit Expense
      </div>
    </div>
  </div>
  <div
    className="content-container"
  >
    <ExpenseForm
      expense={
        Object {
          "amount": 100,
          "createdAt": -345600000,
          "description": "Electricity Bill",
          "id": "2",
          "note": "",
        }
      }
      id="edit_expense_form"
      onSubmit={[Function]}
    />
    <button
      className="button button-danger"
      onClick={[Function]}
    >
      Remove Expense
    </button>
  </div>
</div>
`;
