// Jest Snapshot v1, https://goo.gl/fbAQLP

exports[`should render Expense List Item with a given expense 1`] = `
<div>
  <Link
    replace={false}
    to="/edit/1"
  >
     
    <h3>
      Gas Bill
    </h3>
  </Link>
  <p>
    $
    12000
     - 
    0
  </p>
</div>
`;
